2024-06-05T08:32:52  fix: handle empty input gracefully
2024-07-05T15:49:59  perf: micro-optimization
2024-08-04T10:06:06  style: formatting
2024-09-04T17:23:13  chore: bump dev tooling
2024-09-10T12:40:20  docs: expand examples
2024-10-11T19:57:27  test: strengthen coverage
2024-11-10T14:14:34  chore: tune defaults
2024-12-11T09:31:41  refactor: simplify helper
2024-12-17T16:48:48  chore: routine maintenance
2025-01-17T11:05:55  docs: clarify usage notes
2025-02-16T18:22:02  test: add edge case
2025-03-19T13:39:09  refactor: tidy internals
2025-03-25T08:56:16  fix: handle empty input gracefully
2025-04-25T15:13:23  perf: micro-optimization
2025-05-25T10:30:30  style: formatting
2025-06-25T17:47:37  chore: bump dev tooling
2025-07-01T12:04:44  docs: expand examples
2025-08-07T19:21:51  test: strengthen coverage
2025-09-07T14:38:58  chore: tune defaults
2025-09-13T09:55:05  refactor: simplify helper
2025-10-14T16:12:12  chore: routine maintenance
2025-11-13T11:29:19  docs: clarify usage notes
2025-12-14T18:46:26  test: add edge case
